[2026-06-08 15:26:51] ===================================================================
[2026-06-08 15:26:51]  QC pipeline запущен
[2026-06-08 15:26:51]    REFERENCE = ncbi_dataset/ncbi_dataset/data/GCF_000005845.2/ecoli.fna
[2026-06-08 15:26:51]    READS     = SRR38921296.fastq/SRR38921296.fastq
[2026-06-08 15:26:51]    SAMPLE    = SRR38921296
[2026-06-08 15:26:51]    THREADS   = 2
[2026-06-08 15:26:51]    THRESHOLD = 90% (порог OK/not OK)
[2026-06-08 15:26:51] ===================================================================
[2026-06-08 15:26:51] === Шаг 1/8: FastQC (контроль качества исходных ридов) ===
[2026-06-08 15:26:58] FastQC отчёт сохранён в results/ (см. *_fastqc.html, *_fastqc.zip)
[2026-06-08 15:26:58] === Шаг 2/8: индексация референсного генома (minimap2 -d, пресет map-ont) ===
[2026-06-08 15:26:58] Индекс сохранён: results/ecoli.mmi
[2026-06-08 15:26:58] === Шаг 3/8: картирование ридов (minimap2 -ax map-ont) ===
[2026-06-08 15:27:11] SAM сохранён: results/SRR38921296.sam
[2026-06-08 15:27:11] === Шаг 4/8: конвертация SAM -> BAM (samtools view) ===
[2026-06-08 15:27:13] BAM сохранён: results/SRR38921296.bam
[2026-06-08 15:27:13] === Шаг 5/8: оценка картирования (samtools flagstat) ===
[2026-06-08 15:27:13] flagstat сохранён: results/SRR38921296.flagstat.txt
[2026-06-08 15:27:13] --- содержимое flagstat ---
99879 + 0 in total (QC-passed reads + QC-failed reads)
92853 + 0 primary
4810 + 0 secondary
2216 + 0 supplementary
0 + 0 duplicates
0 + 0 primary duplicates
42174 + 0 mapped (42.23% : N/A)
35148 + 0 primary mapped (37.85% : N/A)
0 + 0 paired in sequencing
0 + 0 read1
0 + 0 read2
0 + 0 properly paired (N/A : N/A)
0 + 0 with itself and mate mapped
0 + 0 singletons (N/A : N/A)
0 + 0 with mate mapped to a different chr
0 + 0 with mate mapped to a different chr (mapQ>=5)
[2026-06-08 15:27:13] ---------------------------
[2026-06-08 15:27:13] === Шаг 6/8: разбор % mapped (отдельный скрипт parse_flagstat.sh) ===
[2026-06-08 15:27:13] Mapped reads: 42.23%
[2026-06-08 15:27:13] === Шаг 7/8: вердикт оценки качества картирования (порог 90%) ===
[2026-06-08 15:27:13] >>> 42.23% <= 90%  =>  Write not OK
[2026-06-08 15:27:13] QC-отчёт переименован и сохранён как: results/SRR38921296.flagstat.not_OK.txt
[2026-06-08 15:27:13] Статус записан в: results/SRR38921296.qc_status.txt  (содержимое: 'not OK')
[2026-06-08 15:27:13] === Шаг 8/8: QC = not OK -> сортировка и вызов вариантов ПРОПУЩЕНЫ ===
[2026-06-08 15:27:13]     (по алгоритму вариант-коллинг выполняется только при успешном QC)
[2026-06-08 15:27:13] ===================================================================
[2026-06-08 15:27:13]  Finished. QC verdict = 'not OK', mapped = 42.23%
[2026-06-08 15:27:13]  Результаты: results/   Логи: results/logs/
[2026-06-08 15:27:13] ===================================================================
[2026-06-08 15:28:32] ===================================================================
[2026-06-08 15:28:32]  QC pipeline запущен
[2026-06-08 15:28:32]    REFERENCE = ncbi_dataset/ncbi_dataset/data/GCF_000005845.2/ecoli.fna
[2026-06-08 15:28:32]    READS     = SRR38921296.fastq/SRR38921296.fastq
[2026-06-08 15:28:32]    SAMPLE    = SRR38921296
[2026-06-08 15:28:32]    THREADS   = 2
[2026-06-08 15:28:32]    THRESHOLD = 90% (порог OK/not OK)
[2026-06-08 15:28:32] ===================================================================
[2026-06-08 15:28:32] === Шаг 1/8: FastQC (контроль качества исходных ридов) ===
[2026-06-08 15:28:38] FastQC отчёт сохранён в results/ (см. *_fastqc.html, *_fastqc.zip)
[2026-06-08 15:28:38] === Шаг 2/8: индексация референсного генома (minimap2 -d, пресет map-ont) ===
[2026-06-08 15:28:38] Индекс results/ecoli.mmi уже существует — пропускаем построение
[2026-06-08 15:28:38] === Шаг 3/8: картирование ридов (minimap2 -ax map-ont) ===
[2026-06-08 15:28:51] SAM сохранён: results/SRR38921296.sam
[2026-06-08 15:28:51] === Шаг 4/8: конвертация SAM -> BAM (samtools view) ===
[2026-06-08 15:28:53] BAM сохранён: results/SRR38921296.bam
[2026-06-08 15:28:53] === Шаг 5/8: оценка картирования (samtools flagstat) ===
[2026-06-08 15:28:54] flagstat сохранён: results/SRR38921296.flagstat.txt
[2026-06-08 15:28:54] --- содержимое flagstat ---
99879 + 0 in total (QC-passed reads + QC-failed reads)
92853 + 0 primary
4810 + 0 secondary
2216 + 0 supplementary
0 + 0 duplicates
0 + 0 primary duplicates
42174 + 0 mapped (42.23% : N/A)
35148 + 0 primary mapped (37.85% : N/A)
0 + 0 paired in sequencing
0 + 0 read1
0 + 0 read2
0 + 0 properly paired (N/A : N/A)
0 + 0 with itself and mate mapped
0 + 0 singletons (N/A : N/A)
0 + 0 with mate mapped to a different chr
0 + 0 with mate mapped to a different chr (mapQ>=5)
[2026-06-08 15:28:54] ---------------------------
[2026-06-08 15:28:54] === Шаг 6/8: разбор % mapped (отдельный скрипт parse_flagstat.sh) ===
[2026-06-08 15:28:54] Mapped reads: 42.23%
[2026-06-08 15:28:54] === Шаг 7/8: вердикт оценки качества картирования (порог 90%) ===
[2026-06-08 15:28:54] >>> 42.23% <= 90%  =>  Write not OK
[2026-06-08 15:28:54] QC-отчёт переименован и сохранён как: results/SRR38921296.flagstat.not_OK.txt
[2026-06-08 15:28:54] Статус записан в: results/SRR38921296.qc_status.txt  (содержимое: 'not OK')
[2026-06-08 15:28:54] === Шаг 8/8: QC = not OK -> сортировка и вызов вариантов ПРОПУЩЕНЫ ===
[2026-06-08 15:28:54]     (по алгоритму вариант-коллинг выполняется только при успешном QC)
[2026-06-08 15:28:54] ===================================================================
[2026-06-08 15:28:54]  Finished. QC verdict = 'not OK', mapped = 42.23%
[2026-06-08 15:28:54]  Результаты: results/   Логи: results/logs/
[2026-06-08 15:28:54] ===================================================================
